{
  "devices" : {
    "com.apple.CoreSimulator.SimRuntime.iOS-26-4" : [
      {
        "dataPath" : "\/Users\/runner\/Library\/Developer\/CoreSimulator\/Devices\/4E3A6BB3-F417-4829-8DF5-0EA652541F40\/data",
        "dataPathSize" : 18337792,
        "logPath" : "\/Users\/runner\/Library\/Logs\/CoreSimulator\/4E3A6BB3-F417-4829-8DF5-0EA652541F40",
        "udid" : "4E3A6BB3-F417-4829-8DF5-0EA652541F40",
        "isAvailable" : true,
        "deviceTypeIdentifier" : "com.apple.CoreSimulator.SimDeviceType.iPhone-17-Pro",
        "state" : "Shutdown",
        "name" : "iPhone 17 Pro"
      },
      {
        "dataPath" : "\/Users\/runner\/Library\/Developer\/CoreSimulator\/Devices\/E3357B30-270D-49D5-87E0-79A796ACE8A3\/data",
        "dataPathSize" : 18337792,
        "logPath" : "\/Users\/runner\/Library\/Logs\/CoreSimulator\/E3357B30-270D-49D5-87E0-79A796ACE8A3",
        "udid" : "E3357B30-270D-49D5-87E0-79A796ACE8A3",
        "isAvailable" : true,
        "deviceTypeIdentifier" : "com.apple.CoreSimulator.SimDeviceType.iPhone-17-Pro-Max",
        "state" : "Shutdown",
        "name" : "iPhone 17 Pro Max"
      },
      {
        "dataPath" : "\/Users\/runner\/Library\/Developer\/CoreSimulator\/Devices\/B8094BA5-47C4-4A9C-B87E-C73669585F82\/data",
        "dataPathSize" : 18337792,
        "logPath" : "\/Users\/runner\/Library\/Logs\/CoreSimulator\/B8094BA5-47C4-4A9C-B87E-C73669585F82",
        "udid" : "B8094BA5-47C4-4A9C-B87E-C73669585F82",
        "isAvailable" : true,
        "deviceTypeIdentifier" : "com.apple.CoreSimulator.SimDeviceType.iPhone-17e",
        "state" : "Shutdown",
        "name" : "iPhone 17e"
      },
      {
        "dataPath" : "\/Users\/runner\/Library\/Developer\/CoreSimulator\/Devices\/3679014C-ECDC-4161-96E5-69B96F640760\/data",
        "dataPathSize" : 18337792,
        "logPath" : "\/Users\/runner\/Library\/Logs\/CoreSimulator\/3679014C-ECDC-4161-96E5-69B96F640760",
        "udid" : "3679014C-ECDC-4161-96E5-69B96F640760",
        "isAvailable" : true,
        "deviceTypeIdentifier" : "com.apple.CoreSimulator.SimDeviceType.iPhone-Air",
        "state" : "Shutdown",
        "name" : "iPhone Air"
      },
      {
        "dataPath" : "\/Users\/runner\/Library\/Developer\/CoreSimulator\/Devices\/7D16E67F-1E34-43CB-BD36-B95CCE24981A\/data",
        "dataPathSize" : 18337792,
        "logPath" : "\/Users\/runner\/Library\/Logs\/CoreSimulator\/7D16E67F-1E34-43CB-BD36-B95CCE24981A",
        "udid" : "7D16E67F-1E34-43CB-BD36-B95CCE24981A",
        "isAvailable" : true,
        "deviceTypeIdentifier" : "com.apple.CoreSimulator.SimDeviceType.iPhone-17",
        "state" : "Shutdown",
        "name" : "iPhone 17"
      },
      {
        "dataPath" : "\/Users\/runner\/Library\/Developer\/CoreSimulator\/Devices\/B385244C-CB83-424B-92FD-32C1867E3F14\/data",
        "dataPathSize" : 18337792,
        "logPath" : "\/Users\/runner\/Library\/Logs\/CoreSimulator\/B385244C-CB83-424B-92FD-32C1867E3F14",
        "udid" : "B385244C-CB83-424B-92FD-32C1867E3F14",
        "isAvailable" : true,
        "deviceTypeIdentifier" : "com.apple.CoreSimulator.SimDeviceType.iPad-Pro-13-inch-M5-12GB",
        "state" : "Shutdown",
        "name" : "iPad Pro 13-inch (M5)"
      },
      {
        "dataPath" : "\/Users\/runner\/Library\/Developer\/CoreSimulator\/Devices\/6A1D88F3-F58D-43EC-A7DB-764E2EFD4814\/data",
        "dataPathSize" : 18337792,
        "logPath" : "\/Users\/runner\/Library\/Logs\/CoreSimulator\/6A1D88F3-F58D-43EC-A7DB-764E2EFD4814",
        "udid" : "6A1D88F3-F58D-43EC-A7DB-764E2EFD4814",
        "isAvailable" : true,
        "deviceTypeIdentifier" : "com.apple.CoreSimulator.SimDeviceType.iPad-Pro-11-inch-M5-12GB",
        "state" : "Shutdown",
        "name" : "iPad Pro 11-inch (M5)"
      },
      {
        "dataPath" : "\/Users\/runner\/Library\/Developer\/CoreSimulator\/Devices\/14DA5CF4-2301-414C-B814-97478EBD9560\/data",
        "dataPathSize" : 18337792,
        "logPath" : "\/Users\/runner\/Library\/Logs\/CoreSimulator\/14DA5CF4-2301-414C-B814-97478EBD9560",
        "udid" : "14DA5CF4-2301-414C-B814-97478EBD9560",
        "isAvailable" : true,
        "deviceTypeIdentifier" : "com.apple.CoreSimulator.SimDeviceType.iPad-mini-A17-Pro",
        "state" : "Shutdown",
        "name" : "iPad mini (A17 Pro)"
      },
      {
        "dataPath" : "\/Users\/runner\/Library\/Developer\/CoreSimulator\/Devices\/276D9B17-03F8-4009-9233-0AC491CF464F\/data",
        "dataPathSize" : 18337792,
        "logPath" : "\/Users\/runner\/Library\/Logs\/CoreSimulator\/276D9B17-03F8-4009-9233-0AC491CF464F",
        "udid" : "276D9B17-03F8-4009-9233-0AC491CF464F",
        "isAvailable" : true,
        "deviceTypeIdentifier" : "com.apple.CoreSimulator.SimDeviceType.iPad-Air-13-inch-M4",
        "state" : "Shutdown",
        "name" : "iPad Air 13-inch (M4)"
      },
      {
        "dataPath" : "\/Users\/runner\/Library\/Developer\/CoreSimulator\/Devices\/7F4AB63A-79BC-4B39-9021-1CB5F457C601\/data",
        "dataPathSize" : 18337792,
        "logPath" : "\/Users\/runner\/Library\/Logs\/CoreSimulator\/7F4AB63A-79BC-4B39-9021-1CB5F457C601",
        "udid" : "7F4AB63A-79BC-4B39-9021-1CB5F457C601",
        "isAvailable" : true,
        "deviceTypeIdentifier" : "com.apple.CoreSimulator.SimDeviceType.iPad-Air-11-inch-M4",
        "state" : "Shutdown",
        "name" : "iPad Air 11-inch (M4)"
      },
      {
        "dataPath" : "\/Users\/runner\/Library\/Developer\/CoreSimulator\/Devices\/7AAAEF7F-4ABB-416E-A374-4E08CAF6D297\/data",
        "dataPathSize" : 18337792,
        "logPath" : "\/Users\/runner\/Library\/Logs\/CoreSimulator\/7AAAEF7F-4ABB-416E-A374-4E08CAF6D297",
        "udid" : "7AAAEF7F-4ABB-416E-A374-4E08CAF6D297",
        "isAvailable" : true,
        "deviceTypeIdentifier" : "com.apple.CoreSimulator.SimDeviceType.iPad-A16",
        "state" : "Shutdown",
        "name" : "iPad (A16)"
      }
    ],
    "com.apple.CoreSimulator.SimRuntime.tvOS-26-5" : [
      {
        "dataPath" : "\/Users\/runner\/Library\/Developer\/CoreSimulator\/Devices\/20184428-2070-406E-BA3F-B579BCAFF448\/data",
        "dataPathSize" : 4096,
        "logPath" : "\/Users\/runner\/Library\/Logs\/CoreSimulator\/20184428-2070-406E-BA3F-B579BCAFF448",
        "udid" : "20184428-2070-406E-BA3F-B579BCAFF448",
        "isAvailable" : true,
        "deviceTypeIdentifier" : "com.apple.CoreSimulator.SimDeviceType.Apple-TV-4K-3rd-generation-4K",
        "state" : "Shutdown",
        "name" : "Apple TV 4K (3rd generation)"
      },
      {
        "dataPath" : "\/Users\/runner\/Library\/Developer\/CoreSimulator\/Devices\/4812A181-42EC-472A-996B-87C3771CFFF7\/data",
        "dataPathSize" : 4096,
        "logPath" : "\/Users\/runner\/Library\/Logs\/CoreSimulator\/4812A181-42EC-472A-996B-87C3771CFFF7",
        "udid" : "4812A181-42EC-472A-996B-87C3771CFFF7",
        "isAvailable" : true,
        "deviceTypeIdentifier" : "com.apple.CoreSimulator.SimDeviceType.Apple-TV-4K-3rd-generation-1080p",
        "state" : "Shutdown",
        "name" : "Apple TV 4K (3rd generation) (at 1080p)"
      },
      {
        "dataPath" : "\/Users\/runner\/Library\/Developer\/CoreSimulator\/Devices\/BCEBEA08-180D-420D-9ACC-3271AE486DD4\/data",
        "dataPathSize" : 4096,
        "logPath" : "\/Users\/runner\/Library\/Logs\/CoreSimulator\/BCEBEA08-180D-420D-9ACC-3271AE486DD4",
        "udid" : "BCEBEA08-180D-420D-9ACC-3271AE486DD4",
        "isAvailable" : true,
        "deviceTypeIdentifier" : "com.apple.CoreSimulator.SimDeviceType.Apple-TV-1080p",
        "state" : "Shutdown",
        "name" : "Apple TV"
      }
    ],
    "com.apple.CoreSimulator.SimRuntime.watchOS-26-4" : [
      {
        "dataPath" : "\/Users\/runner\/Library\/Developer\/CoreSimulator\/Devices\/BDADBF56-4804-4874-AFC3-99551888BB56\/data",
        "dataPathSize" : 4096,
        "logPath" : "\/Users\/runner\/Library\/Logs\/CoreSimulator\/BDADBF56-4804-4874-AFC3-99551888BB56",
        "udid" : "BDADBF56-4804-4874-AFC3-99551888BB56",
        "isAvailable" : true,
        "deviceTypeIdentifier" : "com.apple.CoreSimulator.SimDeviceType.Apple-Watch-Series-11-46mm",
        "state" : "Shutdown",
        "name" : "Apple Watch Series 11 (46mm)"
      },
      {
        "dataPath" : "\/Users\/runner\/Library\/Developer\/CoreSimulator\/Devices\/16F616F7-8578-4BBB-9C03-A193FFF485DE\/data",
        "dataPathSize" : 4096,
        "logPath" : "\/Users\/runner\/Library\/Logs\/CoreSimulator\/16F616F7-8578-4BBB-9C03-A193FFF485DE",
        "udid" : "16F616F7-8578-4BBB-9C03-A193FFF485DE",
        "isAvailable" : true,
        "deviceTypeIdentifier" : "com.apple.CoreSimulator.SimDeviceType.Apple-Watch-Series-11-42mm",
        "state" : "Shutdown",
        "name" : "Apple Watch Series 11 (42mm)"
      },
      {
        "dataPath" : "\/Users\/runner\/Library\/Developer\/CoreSimulator\/Devices\/30360660-7EC3-4103-8E8C-B36C0F381B8C\/data",
        "dataPathSize" : 4096,
        "logPath" : "\/Users\/runner\/Library\/Logs\/CoreSimulator\/30360660-7EC3-4103-8E8C-B36C0F381B8C",
        "udid" : "30360660-7EC3-4103-8E8C-B36C0F381B8C",
        "isAvailable" : true,
        "deviceTypeIdentifier" : "com.apple.CoreSimulator.SimDeviceType.Apple-Watch-Ultra-3-49mm",
        "state" : "Shutdown",
        "name" : "Apple Watch Ultra 3 (49mm)"
      },
      {
        "dataPath" : "\/Users\/runner\/Library\/Developer\/CoreSimulator\/Devices\/DD0CCFC9-2628-4F72-AE69-FF133A05BE3A\/data",
        "dataPathSize" : 4096,
        "logPath" : "\/Users\/runner\/Library\/Logs\/CoreSimulator\/DD0CCFC9-2628-4F72-AE69-FF133A05BE3A",
        "udid" : "DD0CCFC9-2628-4F72-AE69-FF133A05BE3A",
        "isAvailable" : true,
        "deviceTypeIdentifier" : "com.apple.CoreSimulator.SimDeviceType.Apple-Watch-SE-3-44mm",
        "state" : "Shutdown",
        "name" : "Apple Watch SE 3 (44mm)"
      },
      {
        "dataPath" : "\/Users\/runner\/Library\/Developer\/CoreSimulator\/Devices\/763B62AE-9B6D-4143-B859-F277F6E2B77E\/data",
        "dataPathSize" : 4096,
        "logPath" : "\/Users\/runner\/Library\/Logs\/CoreSimulator\/763B62AE-9B6D-4143-B859-F277F6E2B77E",
        "udid" : "763B62AE-9B6D-4143-B859-F277F6E2B77E",
        "isAvailable" : true,
        "deviceTypeIdentifier" : "com.apple.CoreSimulator.SimDeviceType.Apple-Watch-SE-3-40mm",
        "state" : "Shutdown",
        "name" : "Apple Watch SE 3 (40mm)"
      }
    ],
    "com.apple.CoreSimulator.SimRuntime.iOS-15-5" : [
      {
        "dataPath" : "\/Users\/runner\/Library\/Developer\/CoreSimulator\/Devices\/57321A97-30AF-447D-803D-6F0D63FA4C72\/data",
        "dataPathSize" : 18341888,
        "logPath" : "\/Users\/runner\/Library\/Logs\/CoreSimulator\/57321A97-30AF-447D-803D-6F0D63FA4C72",
        "udid" : "57321A97-30AF-447D-803D-6F0D63FA4C72",
        "isAvailable" : true,
        "deviceTypeIdentifier" : "com.apple.CoreSimulator.SimDeviceType.iPhone-SE-3rd-generation",
        "state" : "Shutdown",
        "name" : "iPhone SE (3rd generation)"
      },
      {
        "dataPath" : "\/Users\/runner\/Library\/Developer\/CoreSimulator\/Devices\/77E32CFE-2121-4DBF-BE6E-B65273F4E92B\/data",
        "dataPathSize" : 18341888,
        "logPath" : "\/Users\/runner\/Library\/Logs\/CoreSimulator\/77E32CFE-2121-4DBF-BE6E-B65273F4E92B",
        "udid" : "77E32CFE-2121-4DBF-BE6E-B65273F4E92B",
        "isAvailable" : true,
        "deviceTypeIdentifier" : "com.apple.CoreSimulator.SimDeviceType.iPhone-13-Pro",
        "state" : "Shutdown",
        "name" : "iPhone 13 Pro"
      },
      {
        "dataPath" : "\/Users\/runner\/Library\/Developer\/CoreSimulator\/Devices\/2B6AC22F-C191-466E-A777-E617F8FAB98F\/data",
        "dataPathSize" : 18341888,
        "logPath" : "\/Users\/runner\/Library\/Logs\/CoreSimulator\/2B6AC22F-C191-466E-A777-E617F8FAB98F",
        "udid" : "2B6AC22F-C191-466E-A777-E617F8FAB98F",
        "isAvailable" : true,
        "deviceTypeIdentifier" : "com.apple.CoreSimulator.SimDeviceType.iPhone-13-Pro-Max",
        "state" : "Shutdown",
        "name" : "iPhone 13 Pro Max"
      },
      {
        "lastBootedAt" : "2026-09-12T20:37:08Z",
        "dataPath" : "\/Users\/runner\/Library\/Developer\/CoreSimulator\/Devices\/73466C42-69B7-466B-92FB-9C3962991F30\/data",
        "dataPathSize" : 307036160,
        "logPath" : "\/Users\/runner\/Library\/Logs\/CoreSimulator\/73466C42-69B7-466B-92FB-9C3962991F30",
        "udid" : "73466C42-69B7-466B-92FB-9C3962991F30",
        "isAvailable" : true,
        "logPathSize" : 286720,
        "deviceTypeIdentifier" : "com.apple.CoreSimulator.SimDeviceType.iPhone-13",
        "state" : "Booted",
        "name" : "FirasAI iOS15 runtime probe"
      },
      {
        "dataPath" : "\/Users\/runner\/Library\/Developer\/CoreSimulator\/Devices\/71AF127C-BDE6-418C-9C7E-90EFA2D61503\/data",
        "dataPathSize" : 18341888,
        "logPath" : "\/Users\/runner\/Library\/Logs\/CoreSimulator\/71AF127C-BDE6-418C-9C7E-90EFA2D61503",
        "udid" : "71AF127C-BDE6-418C-9C7E-90EFA2D61503",
        "isAvailable" : true,
        "deviceTypeIdentifier" : "com.apple.CoreSimulator.SimDeviceType.iPhone-13",
        "state" : "Shutdown",
        "name" : "iPhone 13"
      },
      {
        "dataPath" : "\/Users\/runner\/Library\/Developer\/CoreSimulator\/Devices\/05C51573-3329-4262-883D-D1C9DA119EF1\/data",
        "dataPathSize" : 18341888,
        "logPath" : "\/Users\/runner\/Library\/Logs\/CoreSimulator\/05C51573-3329-4262-883D-D1C9DA119EF1",
        "udid" : "05C51573-3329-4262-883D-D1C9DA119EF1",
        "isAvailable" : true,
        "deviceTypeIdentifier" : "com.apple.CoreSimulator.SimDeviceType.iPhone-13-mini",
        "state" : "Shutdown",
        "name" : "iPhone 13 mini"
      },
      {
        "dataPath" : "\/Users\/runner\/Library\/Developer\/CoreSimulator\/Devices\/BEB4EA2B-AB77-4A37-B45D-33CDC59E55D3\/data",
        "dataPathSize" : 18341888,
        "logPath" : "\/Users\/runner\/Library\/Logs\/CoreSimulator\/BEB4EA2B-AB77-4A37-B45D-33CDC59E55D3",
        "udid" : "BEB4EA2B-AB77-4A37-B45D-33CDC59E55D3",
        "isAvailable" : true,
        "deviceTypeIdentifier" : "com.apple.CoreSimulator.SimDeviceType.iPad-Air-5th-generation",
        "state" : "Shutdown",
        "name" : "iPad Air (5th generation)"
      },
      {
        "dataPath" : "\/Users\/runner\/Library\/Developer\/CoreSimulator\/Devices\/4E933B51-B655-47B6-AAD5-00FAFB3EC41C\/data",
        "dataPathSize" : 18341888,
        "logPath" : "\/Users\/runner\/Library\/Logs\/CoreSimulator\/4E933B51-B655-47B6-AAD5-00FAFB3EC41C",
        "udid" : "4E933B51-B655-47B6-AAD5-00FAFB3EC41C",
        "isAvailable" : true,
        "deviceTypeIdentifier" : "com.apple.CoreSimulator.SimDeviceType.iPad-mini-6th-generation",
        "state" : "Shutdown",
        "name" : "iPad mini (6th generation)"
      },
      {
        "dataPath" : "\/Users\/runner\/Library\/Developer\/CoreSimulator\/Devices\/E381B85F-791B-49BB-9998-4BD3362A7E32\/data",
        "dataPathSize" : 18341888,
        "logPath" : "\/Users\/runner\/Library\/Logs\/CoreSimulator\/E381B85F-791B-49BB-9998-4BD3362A7E32",
        "udid" : "E381B85F-791B-49BB-9998-4BD3362A7E32",
        "isAvailable" : true,
        "deviceTypeIdentifier" : "com.apple.CoreSimulator.SimDeviceType.iPad-Pro-11-inch-3rd-generation",
        "state" : "Shutdown",
        "name" : "iPad Pro (11-inch) (3rd generation)"
      },
      {
        "dataPath" : "\/Users\/runner\/Library\/Developer\/CoreSimulator\/Devices\/B5609DD1-1665-41CC-811B-3C8B6694F6DA\/data",
        "dataPathSize" : 18341888,
        "logPath" : "\/Users\/runner\/Library\/Logs\/CoreSimulator\/B5609DD1-1665-41CC-811B-3C8B6694F6DA",
        "udid" : "B5609DD1-1665-41CC-811B-3C8B6694F6DA",
        "isAvailable" : true,
        "deviceTypeIdentifier" : "com.apple.CoreSimulator.SimDeviceType.iPad-Pro-12-9-inch-5th-generation",
        "state" : "Shutdown",
        "name" : "iPad Pro (12.9-inch) (5th generation)"
      },
      {
        "dataPath" : "\/Users\/runner\/Library\/Developer\/CoreSimulator\/Devices\/0192B7F6-6828-4209-82C2-55B2C34B1FC8\/data",
        "dataPathSize" : 18341888,
        "logPath" : "\/Users\/runner\/Library\/Logs\/CoreSimulator\/0192B7F6-6828-4209-82C2-55B2C34B1FC8",
        "udid" : "0192B7F6-6828-4209-82C2-55B2C34B1FC8",
        "isAvailable" : true,
        "deviceTypeIdentifier" : "com.apple.CoreSimulator.SimDeviceType.iPad-9th-generation",
        "state" : "Shutdown",
        "name" : "iPad (9th generation)"
      },
      {
        "dataPath" : "\/Users\/runner\/Library\/Developer\/CoreSimulator\/Devices\/7628B412-8CBC-425D-9651-8CB5CFBF9A3B\/data",
        "dataPathSize" : 18341888,
        "logPath" : "\/Users\/runner\/Library\/Logs\/CoreSimulator\/7628B412-8CBC-425D-9651-8CB5CFBF9A3B",
        "udid" : "7628B412-8CBC-425D-9651-8CB5CFBF9A3B",
        "isAvailable" : true,
        "deviceTypeIdentifier" : "com.apple.CoreSimulator.SimDeviceType.iPad-Pro--9-7-inch-",
        "state" : "Shutdown",
        "name" : "iPad Pro (9.7-inch)"
      },
      {
        "dataPath" : "\/Users\/runner\/Library\/Developer\/CoreSimulator\/Devices\/970DB325-5C71-4324-A1A6-2CC24ED3100A\/data",
        "dataPathSize" : 18341888,
        "logPath" : "\/Users\/runner\/Library\/Logs\/CoreSimulator\/970DB325-5C71-4324-A1A6-2CC24ED3100A",
        "udid" : "970DB325-5C71-4324-A1A6-2CC24ED3100A",
        "isAvailable" : true,
        "deviceTypeIdentifier" : "com.apple.CoreSimulator.SimDeviceType.iPod-touch--7th-generation-",
        "state" : "Shutdown",
        "name" : "iPod touch (7th generation)"
      }
    ],
    "com.apple.CoreSimulator.SimRuntime.iOS-26-5" : [
      {
        "dataPath" : "\/Users\/runner\/Library\/Developer\/CoreSimulator\/Devices\/22452A91-4697-4369-8812-53ADB77EB73B\/data",
        "dataPathSize" : 18337792,
        "logPath" : "\/Users\/runner\/Library\/Logs\/CoreSimulator\/22452A91-4697-4369-8812-53ADB77EB73B",
        "udid" : "22452A91-4697-4369-8812-53ADB77EB73B",
        "isAvailable" : true,
        "deviceTypeIdentifier" : "com.apple.CoreSimulator.SimDeviceType.iPhone-17-Pro",
        "state" : "Shutdown",
        "name" : "iPhone 17 Pro"
      },
      {
        "dataPath" : "\/Users\/runner\/Library\/Developer\/CoreSimulator\/Devices\/841190F6-F927-4F0D-B152-62A06B4040CA\/data",
        "dataPathSize" : 18337792,
        "logPath" : "\/Users\/runner\/Library\/Logs\/CoreSimulator\/841190F6-F927-4F0D-B152-62A06B4040CA",
        "udid" : "841190F6-F927-4F0D-B152-62A06B4040CA",
        "isAvailable" : true,
        "deviceTypeIdentifier" : "com.apple.CoreSimulator.SimDeviceType.iPhone-17-Pro-Max",
        "state" : "Shutdown",
        "name" : "iPhone 17 Pro Max"
      },
      {
        "dataPath" : "\/Users\/runner\/Library\/Developer\/CoreSimulator\/Devices\/DF686390-8E1F-46B8-A4D9-883644620714\/data",
        "dataPathSize" : 18337792,
        "logPath" : "\/Users\/runner\/Library\/Logs\/CoreSimulator\/DF686390-8E1F-46B8-A4D9-883644620714",
        "udid" : "DF686390-8E1F-46B8-A4D9-883644620714",
        "isAvailable" : true,
        "deviceTypeIdentifier" : "com.apple.CoreSimulator.SimDeviceType.iPhone-17e",
        "state" : "Shutdown",
        "name" : "iPhone 17e"
      },
      {
        "dataPath" : "\/Users\/runner\/Library\/Developer\/CoreSimulator\/Devices\/CB15797E-6053-40B1-BB72-7F30D005A4F2\/data",
        "dataPathSize" : 18337792,
        "logPath" : "\/Users\/runner\/Library\/Logs\/CoreSimulator\/CB15797E-6053-40B1-BB72-7F30D005A4F2",
        "udid" : "CB15797E-6053-40B1-BB72-7F30D005A4F2",
        "isAvailable" : true,
        "deviceTypeIdentifier" : "com.apple.CoreSimulator.SimDeviceType.iPhone-Air",
        "state" : "Shutdown",
        "name" : "iPhone Air"
      },
      {
        "dataPath" : "\/Users\/runner\/Library\/Developer\/CoreSimulator\/Devices\/88931AEA-62E6-447F-8697-DCE00A671384\/data",
        "dataPathSize" : 18337792,
        "logPath" : "\/Users\/runner\/Library\/Logs\/CoreSimulator\/88931AEA-62E6-447F-8697-DCE00A671384",
        "udid" : "88931AEA-62E6-447F-8697-DCE00A671384",
        "isAvailable" : true,
        "deviceTypeIdentifier" : "com.apple.CoreSimulator.SimDeviceType.iPhone-17",
        "state" : "Shutdown",
        "name" : "iPhone 17"
      },
      {
        "dataPath" : "\/Users\/runner\/Library\/Developer\/CoreSimulator\/Devices\/A2011F14-88A1-46AA-999A-FD6FEDCD870B\/data",
        "dataPathSize" : 18337792,
        "logPath" : "\/Users\/runner\/Library\/Logs\/CoreSimulator\/A2011F14-88A1-46AA-999A-FD6FEDCD870B",
        "udid" : "A2011F14-88A1-46AA-999A-FD6FEDCD870B",
        "isAvailable" : true,
        "deviceTypeIdentifier" : "com.apple.CoreSimulator.SimDeviceType.iPad-Pro-13-inch-M5-12GB",
        "state" : "Shutdown",
        "name" : "iPad Pro 13-inch (M5)"
      },
      {
        "dataPath" : "\/Users\/runner\/Library\/Developer\/CoreSimulator\/Devices\/468B2CC0-4D14-42A4-A7FB-B750EF6E38D1\/data",
        "dataPathSize" : 18337792,
        "logPath" : "\/Users\/runner\/Library\/Logs\/CoreSimulator\/468B2CC0-4D14-42A4-A7FB-B750EF6E38D1",
        "udid" : "468B2CC0-4D14-42A4-A7FB-B750EF6E38D1",
        "isAvailable" : true,
        "deviceTypeIdentifier" : "com.apple.CoreSimulator.SimDeviceType.iPad-Pro-11-inch-M5-12GB",
        "state" : "Shutdown",
        "name" : "iPad Pro 11-inch (M5)"
      },
      {
        "dataPath" : "\/Users\/runner\/Library\/Developer\/CoreSimulator\/Devices\/1E926EE8-2A0B-4C47-B835-0C52B77DE728\/data",
        "dataPathSize" : 18337792,
        "logPath" : "\/Users\/runner\/Library\/Logs\/CoreSimulator\/1E926EE8-2A0B-4C47-B835-0C52B77DE728",
        "udid" : "1E926EE8-2A0B-4C47-B835-0C52B77DE728",
        "isAvailable" : true,
        "deviceTypeIdentifier" : "com.apple.CoreSimulator.SimDeviceType.iPad-mini-A17-Pro",
        "state" : "Shutdown",
        "name" : "iPad mini (A17 Pro)"
      },
      {
        "dataPath" : "\/Users\/runner\/Library\/Developer\/CoreSimulator\/Devices\/2390FFDB-6478-4BAD-8541-4DAD346BEF11\/data",
        "dataPathSize" : 18337792,
        "logPath" : "\/Users\/runner\/Library\/Logs\/CoreSimulator\/2390FFDB-6478-4BAD-8541-4DAD346BEF11",
        "udid" : "2390FFDB-6478-4BAD-8541-4DAD346BEF11",
        "isAvailable" : true,
        "deviceTypeIdentifier" : "com.apple.CoreSimulator.SimDeviceType.iPad-Air-13-inch-M4",
        "state" : "Shutdown",
        "name" : "iPad Air 13-inch (M4)"
      },
      {
        "dataPath" : "\/Users\/runner\/Library\/Developer\/CoreSimulator\/Devices\/CD273885-3D56-471B-AD88-07FFF01EA675\/data",
        "dataPathSize" : 18337792,
        "logPath" : "\/Users\/runner\/Library\/Logs\/CoreSimulator\/CD273885-3D56-471B-AD88-07FFF01EA675",
        "udid" : "CD273885-3D56-471B-AD88-07FFF01EA675",
        "isAvailable" : true,
        "deviceTypeIdentifier" : "com.apple.CoreSimulator.SimDeviceType.iPad-Air-11-inch-M4",
        "state" : "Shutdown",
        "name" : "iPad Air 11-inch (M4)"
      },
      {
        "dataPath" : "\/Users\/runner\/Library\/Developer\/CoreSimulator\/Devices\/87CFFFAE-2BAE-496D-9B2D-3249B9B4CFBA\/data",
        "dataPathSize" : 18337792,
        "logPath" : "\/Users\/runner\/Library\/Logs\/CoreSimulator\/87CFFFAE-2BAE-496D-9B2D-3249B9B4CFBA",
        "udid" : "87CFFFAE-2BAE-496D-9B2D-3249B9B4CFBA",
        "isAvailable" : true,
        "deviceTypeIdentifier" : "com.apple.CoreSimulator.SimDeviceType.iPad-A16",
        "state" : "Shutdown",
        "name" : "iPad (A16)"
      }
    ],
    "com.apple.CoreSimulator.SimRuntime.xrOS-26-5" : [
      {
        "dataPath" : "\/Users\/runner\/Library\/Developer\/CoreSimulator\/Devices\/70D84F7E-3446-4AFC-82DC-7AC727F31257\/data",
        "dataPathSize" : 4096,
        "logPath" : "\/Users\/runner\/Library\/Logs\/CoreSimulator\/70D84F7E-3446-4AFC-82DC-7AC727F31257",
        "udid" : "70D84F7E-3446-4AFC-82DC-7AC727F31257",
        "isAvailable" : true,
        "deviceTypeIdentifier" : "com.apple.CoreSimulator.SimDeviceType.Apple-Vision-Pro-4K",
        "state" : "Shutdown",
        "name" : "Apple Vision Pro"
      }
    ],
    "com.apple.CoreSimulator.SimRuntime.watchOS-26-2" : [
      {
        "dataPath" : "\/Users\/runner\/Library\/Developer\/CoreSimulator\/Devices\/68A3C4E4-9BEC-4E3B-B42C-089AF0B78BF7\/data",
        "dataPathSize" : 4096,
        "logPath" : "\/Users\/runner\/Library\/Logs\/CoreSimulator\/68A3C4E4-9BEC-4E3B-B42C-089AF0B78BF7",
        "udid" : "68A3C4E4-9BEC-4E3B-B42C-089AF0B78BF7",
        "isAvailable" : true,
        "deviceTypeIdentifier" : "com.apple.CoreSimulator.SimDeviceType.Apple-Watch-Series-11-46mm",
        "state" : "Shutdown",
        "name" : "Apple Watch Series 11 (46mm)"
      },
      {
        "dataPath" : "\/Users\/runner\/Library\/Developer\/CoreSimulator\/Devices\/033F62E0-22D4-4ED8-B708-4A7AE4631E23\/data",
        "dataPathSize" : 4096,
        "logPath" : "\/Users\/runner\/Library\/Logs\/CoreSimulator\/033F62E0-22D4-4ED8-B708-4A7AE4631E23",
        "udid" : "033F62E0-22D4-4ED8-B708-4A7AE4631E23",
        "isAvailable" : true,
        "deviceTypeIdentifier" : "com.apple.CoreSimulator.SimDeviceType.Apple-Watch-Series-11-42mm",
        "state" : "Shutdown",
        "name" : "Apple Watch Series 11 (42mm)"
      },
      {
        "dataPath" : "\/Users\/runner\/Library\/Developer\/CoreSimulator\/Devices\/EF5BF1E3-741F-4DD8-862A-6C7CBA5C644A\/data",
        "dataPathSize" : 4096,
        "logPath" : "\/Users\/runner\/Library\/Logs\/CoreSimulator\/EF5BF1E3-741F-4DD8-862A-6C7CBA5C644A",
        "udid" : "EF5BF1E3-741F-4DD8-862A-6C7CBA5C644A",
        "isAvailable" : true,
        "deviceTypeIdentifier" : "com.apple.CoreSimulator.SimDeviceType.Apple-Watch-Ultra-3-49mm",
        "state" : "Shutdown",
        "name" : "Apple Watch Ultra 3 (49mm)"
      },
      {
        "dataPath" : "\/Users\/runner\/Library\/Developer\/CoreSimulator\/Devices\/6AD66354-805D-4D94-A277-25C1C81F0061\/data",
        "dataPathSize" : 4096,
        "logPath" : "\/Users\/runner\/Library\/Logs\/CoreSimulator\/6AD66354-805D-4D94-A277-25C1C81F0061",
        "udid" : "6AD66354-805D-4D94-A277-25C1C81F0061",
        "isAvailable" : true,
        "deviceTypeIdentifier" : "com.apple.CoreSimulator.SimDeviceType.Apple-Watch-SE-3-44mm",
        "state" : "Shutdown",
        "name" : "Apple Watch SE 3 (44mm)"
      },
      {
        "dataPath" : "\/Users\/runner\/Library\/Developer\/CoreSimulator\/Devices\/7AD89FB6-EACA-47CD-B242-2419EED3CA74\/data",
        "dataPathSize" : 4096,
        "logPath" : "\/Users\/runner\/Library\/Logs\/CoreSimulator\/7AD89FB6-EACA-47CD-B242-2419EED3CA74",
        "udid" : "7AD89FB6-EACA-47CD-B242-2419EED3CA74",
        "isAvailable" : true,
        "deviceTypeIdentifier" : "com.apple.CoreSimulator.SimDeviceType.Apple-Watch-SE-3-40mm",
        "state" : "Shutdown",
        "name" : "Apple Watch SE 3 (40mm)"
      }
    ],
    "com.apple.CoreSimulator.SimRuntime.xrOS-26-2" : [
      {
        "dataPath" : "\/Users\/runner\/Library\/Developer\/CoreSimulator\/Devices\/3F853DC5-005E-4601-ACD8-6DADCBC2DEBC\/data",
        "dataPathSize" : 4096,
        "logPath" : "\/Users\/runner\/Library\/Logs\/CoreSimulator\/3F853DC5-005E-4601-ACD8-6DADCBC2DEBC",
        "udid" : "3F853DC5-005E-4601-ACD8-6DADCBC2DEBC",
        "isAvailable" : true,
        "deviceTypeIdentifier" : "com.apple.CoreSimulator.SimDeviceType.Apple-Vision-Pro-4K",
        "state" : "Shutdown",
        "name" : "Apple Vision Pro"
      }
    ],
    "com.apple.CoreSimulator.SimRuntime.tvOS-26-2" : [
      {
        "dataPath" : "\/Users\/runner\/Library\/Developer\/CoreSimulator\/Devices\/C83F9747-2317-48A6-8B8B-7F8B0ABF7D50\/data",
        "dataPathSize" : 4096,
        "logPath" : "\/Users\/runner\/Library\/Logs\/CoreSimulator\/C83F9747-2317-48A6-8B8B-7F8B0ABF7D50",
        "udid" : "C83F9747-2317-48A6-8B8B-7F8B0ABF7D50",
        "isAvailable" : true,
        "deviceTypeIdentifier" : "com.apple.CoreSimulator.SimDeviceType.Apple-TV-4K-3rd-generation-4K",
        "state" : "Shutdown",
        "name" : "Apple TV 4K (3rd generation)"
      },
      {
        "dataPath" : "\/Users\/runner\/Library\/Developer\/CoreSimulator\/Devices\/2A64C5A8-6FA8-4219-8AC0-F0A176B4EA9A\/data",
        "dataPathSize" : 4096,
        "logPath" : "\/Users\/runner\/Library\/Logs\/CoreSimulator\/2A64C5A8-6FA8-4219-8AC0-F0A176B4EA9A",
        "udid" : "2A64C5A8-6FA8-4219-8AC0-F0A176B4EA9A",
        "isAvailable" : true,
        "deviceTypeIdentifier" : "com.apple.CoreSimulator.SimDeviceType.Apple-TV-4K-3rd-generation-1080p",
        "state" : "Shutdown",
        "name" : "Apple TV 4K (3rd generation) (at 1080p)"
      },
      {
        "dataPath" : "\/Users\/runner\/Library\/Developer\/CoreSimulator\/Devices\/104CC957-840E-4905-BE90-344A87E6001E\/data",
        "dataPathSize" : 4096,
        "logPath" : "\/Users\/runner\/Library\/Logs\/CoreSimulator\/104CC957-840E-4905-BE90-344A87E6001E",
        "udid" : "104CC957-840E-4905-BE90-344A87E6001E",
        "isAvailable" : true,
        "deviceTypeIdentifier" : "com.apple.CoreSimulator.SimDeviceType.Apple-TV-1080p",
        "state" : "Shutdown",
        "name" : "Apple TV"
      }
    ],
    "com.apple.CoreSimulator.SimRuntime.watchOS-26-5" : [
      {
        "dataPath" : "\/Users\/runner\/Library\/Developer\/CoreSimulator\/Devices\/07C1BE1A-2EFF-4897-8A98-D6E7C104E516\/data",
        "dataPathSize" : 4096,
        "logPath" : "\/Users\/runner\/Library\/Logs\/CoreSimulator\/07C1BE1A-2EFF-4897-8A98-D6E7C104E516",
        "udid" : "07C1BE1A-2EFF-4897-8A98-D6E7C104E516",
        "isAvailable" : true,
        "deviceTypeIdentifier" : "com.apple.CoreSimulator.SimDeviceType.Apple-Watch-Series-11-46mm",
        "state" : "Shutdown",
        "name" : "Apple Watch Series 11 (46mm)"
      },
      {
        "dataPath" : "\/Users\/runner\/Library\/Developer\/CoreSimulator\/Devices\/98D83340-55EC-4686-AE5E-5ABDF78767BF\/data",
        "dataPathSize" : 4096,
        "logPath" : "\/Users\/runner\/Library\/Logs\/CoreSimulator\/98D83340-55EC-4686-AE5E-5ABDF78767BF",
        "udid" : "98D83340-55EC-4686-AE5E-5ABDF78767BF",
        "isAvailable" : true,
        "deviceTypeIdentifier" : "com.apple.CoreSimulator.SimDeviceType.Apple-Watch-Series-11-42mm",
        "state" : "Shutdown",
        "name" : "Apple Watch Series 11 (42mm)"
      },
      {
        "dataPath" : "\/Users\/runner\/Library\/Developer\/CoreSimulator\/Devices\/AE814598-FAE8-4121-8669-0FD8A853007A\/data",
        "dataPathSize" : 4096,
        "logPath" : "\/Users\/runner\/Library\/Logs\/CoreSimulator\/AE814598-FAE8-4121-8669-0FD8A853007A",
        "udid" : "AE814598-FAE8-4121-8669-0FD8A853007A",
        "isAvailable" : true,
        "deviceTypeIdentifier" : "com.apple.CoreSimulator.SimDeviceType.Apple-Watch-Ultra-3-49mm",
        "state" : "Shutdown",
        "name" : "Apple Watch Ultra 3 (49mm)"
      },
      {
        "dataPath" : "\/Users\/runner\/Library\/Developer\/CoreSimulator\/Devices\/4A6A1675-EFB0-402D-BFA2-6EE33247B24F\/data",
        "dataPathSize" : 4096,
        "logPath" : "\/Users\/runner\/Library\/Logs\/CoreSimulator\/4A6A1675-EFB0-402D-BFA2-6EE33247B24F",
        "udid" : "4A6A1675-EFB0-402D-BFA2-6EE33247B24F",
        "isAvailable" : true,
        "deviceTypeIdentifier" : "com.apple.CoreSimulator.SimDeviceType.Apple-Watch-SE-3-44mm",
        "state" : "Shutdown",
        "name" : "Apple Watch SE 3 (44mm)"
      },
      {
        "dataPath" : "\/Users\/runner\/Library\/Developer\/CoreSimulator\/Devices\/16265CCF-DA78-4BF8-AF5F-8E9D91FFDFE8\/data",
        "dataPathSize" : 4096,
        "logPath" : "\/Users\/runner\/Library\/Logs\/CoreSimulator\/16265CCF-DA78-4BF8-AF5F-8E9D91FFDFE8",
        "udid" : "16265CCF-DA78-4BF8-AF5F-8E9D91FFDFE8",
        "isAvailable" : true,
        "deviceTypeIdentifier" : "com.apple.CoreSimulator.SimDeviceType.Apple-Watch-SE-3-40mm",
        "state" : "Shutdown",
        "name" : "Apple Watch SE 3 (40mm)"
      }
    ],
    "com.apple.CoreSimulator.SimRuntime.iOS-26-2" : [
      {
        "dataPath" : "\/Users\/runner\/Library\/Developer\/CoreSimulator\/Devices\/5FEB61C5-E3F5-471D-AE23-8A07438D5E92\/data",
        "dataPathSize" : 18337792,
        "logPath" : "\/Users\/runner\/Library\/Logs\/CoreSimulator\/5FEB61C5-E3F5-471D-AE23-8A07438D5E92",
        "udid" : "5FEB61C5-E3F5-471D-AE23-8A07438D5E92",
        "isAvailable" : true,
        "deviceTypeIdentifier" : "com.apple.CoreSimulator.SimDeviceType.iPhone-17-Pro",
        "state" : "Shutdown",
        "name" : "iPhone 17 Pro"
      },
      {
        "dataPath" : "\/Users\/runner\/Library\/Developer\/CoreSimulator\/Devices\/BA9128D4-18C1-4D81-8EB6-C9DEA307B16B\/data",
        "dataPathSize" : 18337792,
        "logPath" : "\/Users\/runner\/Library\/Logs\/CoreSimulator\/BA9128D4-18C1-4D81-8EB6-C9DEA307B16B",
        "udid" : "BA9128D4-18C1-4D81-8EB6-C9DEA307B16B",
        "isAvailable" : true,
        "deviceTypeIdentifier" : "com.apple.CoreSimulator.SimDeviceType.iPhone-17-Pro-Max",
        "state" : "Shutdown",
        "name" : "iPhone 17 Pro Max"
      },
      {
        "dataPath" : "\/Users\/runner\/Library\/Developer\/CoreSimulator\/Devices\/A1194899-F789-4C4B-A9E2-EFDC6C72EB35\/data",
        "dataPathSize" : 18337792,
        "logPath" : "\/Users\/runner\/Library\/Logs\/CoreSimulator\/A1194899-F789-4C4B-A9E2-EFDC6C72EB35",
        "udid" : "A1194899-F789-4C4B-A9E2-EFDC6C72EB35",
        "isAvailable" : true,
        "deviceTypeIdentifier" : "com.apple.CoreSimulator.SimDeviceType.iPhone-Air",
        "state" : "Shutdown",
        "name" : "iPhone Air"
      },
      {
        "dataPath" : "\/Users\/runner\/Library\/Developer\/CoreSimulator\/Devices\/25B395EC-01B8-4FB6-8D2A-1C484C360481\/data",
        "dataPathSize" : 18337792,
        "logPath" : "\/Users\/runner\/Library\/Logs\/CoreSimulator\/25B395EC-01B8-4FB6-8D2A-1C484C360481",
        "udid" : "25B395EC-01B8-4FB6-8D2A-1C484C360481",
        "isAvailable" : true,
        "deviceTypeIdentifier" : "com.apple.CoreSimulator.SimDeviceType.iPhone-17",
        "state" : "Shutdown",
        "name" : "iPhone 17"
      },
      {
        "dataPath" : "\/Users\/runner\/Library\/Developer\/CoreSimulator\/Devices\/A3615395-EDA9-4A60-982A-D428BCC5719B\/data",
        "dataPathSize" : 18337792,
        "logPath" : "\/Users\/runner\/Library\/Logs\/CoreSimulator\/A3615395-EDA9-4A60-982A-D428BCC5719B",
        "udid" : "A3615395-EDA9-4A60-982A-D428BCC5719B",
        "isAvailable" : true,
        "deviceTypeIdentifier" : "com.apple.CoreSimulator.SimDeviceType.iPhone-16e",
        "state" : "Shutdown",
        "name" : "iPhone 16e"
      },
      {
        "dataPath" : "\/Users\/runner\/Library\/Developer\/CoreSimulator\/Devices\/34A60270-E8F0-4906-B0EC-34347C86EBAF\/data",
        "dataPathSize" : 18337792,
        "logPath" : "\/Users\/runner\/Library\/Logs\/CoreSimulator\/34A60270-E8F0-4906-B0EC-34347C86EBAF",
        "udid" : "34A60270-E8F0-4906-B0EC-34347C86EBAF",
        "isAvailable" : true,
        "deviceTypeIdentifier" : "com.apple.CoreSimulator.SimDeviceType.iPad-Pro-13-inch-M5-12GB",
        "state" : "Shutdown",
        "name" : "iPad Pro 13-inch (M5)"
      },
      {
        "dataPath" : "\/Users\/runner\/Library\/Developer\/CoreSimulator\/Devices\/A30A2DD1-DB1C-4D3B-9B8B-B422C02CC2CF\/data",
        "dataPathSize" : 18337792,
        "logPath" : "\/Users\/runner\/Library\/Logs\/CoreSimulator\/A30A2DD1-DB1C-4D3B-9B8B-B422C02CC2CF",
        "udid" : "A30A2DD1-DB1C-4D3B-9B8B-B422C02CC2CF",
        "isAvailable" : true,
        "deviceTypeIdentifier" : "com.apple.CoreSimulator.SimDeviceType.iPad-Pro-11-inch-M5-12GB",
        "state" : "Shutdown",
        "name" : "iPad Pro 11-inch (M5)"
      },
      {
        "dataPath" : "\/Users\/runner\/Library\/Developer\/CoreSimulator\/Devices\/20D070A5-D498-4E2F-BAE9-4A54D5F77DBB\/data",
        "dataPathSize" : 18337792,
        "logPath" : "\/Users\/runner\/Library\/Logs\/CoreSimulator\/20D070A5-D498-4E2F-BAE9-4A54D5F77DBB",
        "udid" : "20D070A5-D498-4E2F-BAE9-4A54D5F77DBB",
        "isAvailable" : true,
        "deviceTypeIdentifier" : "com.apple.CoreSimulator.SimDeviceType.iPad-mini-A17-Pro",
        "state" : "Shutdown",
        "name" : "iPad mini (A17 Pro)"
      },
      {
        "dataPath" : "\/Users\/runner\/Library\/Developer\/CoreSimulator\/Devices\/FA28F45E-187C-4D8F-B9A6-B6DF706CBD1D\/data",
        "dataPathSize" : 18337792,
        "logPath" : "\/Users\/runner\/Library\/Logs\/CoreSimulator\/FA28F45E-187C-4D8F-B9A6-B6DF706CBD1D",
        "udid" : "FA28F45E-187C-4D8F-B9A6-B6DF706CBD1D",
        "isAvailable" : true,
        "deviceTypeIdentifier" : "com.apple.CoreSimulator.SimDeviceType.iPad-A16",
        "state" : "Shutdown",
        "name" : "iPad (A16)"
      },
      {
        "dataPath" : "\/Users\/runner\/Library\/Developer\/CoreSimulator\/Devices\/CD71493D-5602-4D0A-9D2C-91766B2BFF81\/data",
        "dataPathSize" : 18337792,
        "logPath" : "\/Users\/runner\/Library\/Logs\/CoreSimulator\/CD71493D-5602-4D0A-9D2C-91766B2BFF81",
        "udid" : "CD71493D-5602-4D0A-9D2C-91766B2BFF81",
        "isAvailable" : true,
        "deviceTypeIdentifier" : "com.apple.CoreSimulator.SimDeviceType.iPad-Air-13-inch-M3",
        "state" : "Shutdown",
        "name" : "iPad Air 13-inch (M3)"
      },
      {
        "dataPath" : "\/Users\/runner\/Library\/Developer\/CoreSimulator\/Devices\/EB7D7CC3-7982-4506-A383-843BB8467C05\/data",
        "dataPathSize" : 18337792,
        "logPath" : "\/Users\/runner\/Library\/Logs\/CoreSimulator\/EB7D7CC3-7982-4506-A383-843BB8467C05",
        "udid" : "EB7D7CC3-7982-4506-A383-843BB8467C05",
        "isAvailable" : true,
        "deviceTypeIdentifier" : "com.apple.CoreSimulator.SimDeviceType.iPad-Air-11-inch-M3",
        "state" : "Shutdown",
        "name" : "iPad Air 11-inch (M3)"
      }
    ],
    "com.apple.CoreSimulator.SimRuntime.tvOS-26-4" : [
      {
        "dataPath" : "\/Users\/runner\/Library\/Developer\/CoreSimulator\/Devices\/54626842-3B10-459A-831B-B3800B63BA3B\/data",
        "dataPathSize" : 4096,
        "logPath" : "\/Users\/runner\/Library\/Logs\/CoreSimulator\/54626842-3B10-459A-831B-B3800B63BA3B",
        "udid" : "54626842-3B10-459A-831B-B3800B63BA3B",
        "isAvailable" : true,
        "deviceTypeIdentifier" : "com.apple.CoreSimulator.SimDeviceType.Apple-TV-4K-3rd-generation-4K",
        "state" : "Shutdown",
        "name" : "Apple TV 4K (3rd generation)"
      },
      {
        "dataPath" : "\/Users\/runner\/Library\/Developer\/CoreSimulator\/Devices\/687CEE03-C083-4C33-BDFC-CD0BBE90554A\/data",
        "dataPathSize" : 4096,
        "logPath" : "\/Users\/runner\/Library\/Logs\/CoreSimulator\/687CEE03-C083-4C33-BDFC-CD0BBE90554A",
        "udid" : "687CEE03-C083-4C33-BDFC-CD0BBE90554A",
        "isAvailable" : true,
        "deviceTypeIdentifier" : "com.apple.CoreSimulator.SimDeviceType.Apple-TV-4K-3rd-generation-1080p",
        "state" : "Shutdown",
        "name" : "Apple TV 4K (3rd generation) (at 1080p)"
      },
      {
        "dataPath" : "\/Users\/runner\/Library\/Developer\/CoreSimulator\/Devices\/46582D59-98E6-4619-B177-A919ED8421AC\/data",
        "dataPathSize" : 4096,
        "logPath" : "\/Users\/runner\/Library\/Logs\/CoreSimulator\/46582D59-98E6-4619-B177-A919ED8421AC",
        "udid" : "46582D59-98E6-4619-B177-A919ED8421AC",
        "isAvailable" : true,
        "deviceTypeIdentifier" : "com.apple.CoreSimulator.SimDeviceType.Apple-TV-1080p",
        "state" : "Shutdown",
        "name" : "Apple TV"
      }
    ],
    "com.apple.CoreSimulator.SimRuntime.xrOS-26-4" : [
      {
        "dataPath" : "\/Users\/runner\/Library\/Developer\/CoreSimulator\/Devices\/BEBDC056-2028-499A-A128-A4346BD64217\/data",
        "dataPathSize" : 4096,
        "logPath" : "\/Users\/runner\/Library\/Logs\/CoreSimulator\/BEBDC056-2028-499A-A128-A4346BD64217",
        "udid" : "BEBDC056-2028-499A-A128-A4346BD64217",
        "isAvailable" : true,
        "deviceTypeIdentifier" : "com.apple.CoreSimulator.SimDeviceType.Apple-Vision-Pro-4K",
        "state" : "Shutdown",
        "name" : "Apple Vision Pro"
      }
    ]
  }
}
