Archive:  /Users/runner/work/_temp/FirasAI-Artifacts/FirasAI-unsigned.ipa
  Length      Date    Time    Name
---------  ---------- -----   ----
        0  09-02-2026 22:30   Payload/
        0  09-02-2026 22:30   Payload/FirasAI.app/
        0  09-02-2026 22:29   Payload/FirasAI.app/ar.lproj/
     1033  09-02-2026 22:29   Payload/FirasAI.app/ar.lproj/InfoPlist.strings
        0  09-02-2026 22:29   Payload/FirasAI.app/en.lproj/
      685  09-02-2026 22:29   Payload/FirasAI.app/en.lproj/InfoPlist.strings
     1392  09-02-2026 22:29   Payload/FirasAI.app/AppIcon60x60@2x.png
        0  09-02-2026 22:29   Payload/FirasAI.app/ZIPFoundation_ZIPFoundation.bundle/
      599  09-02-2026 22:29   Payload/FirasAI.app/ZIPFoundation_ZIPFoundation.bundle/PrivacyInfo.xcprivacy
      699  09-02-2026 22:29   Payload/FirasAI.app/ZIPFoundation_ZIPFoundation.bundle/Info.plist
 23053320  09-02-2026 22:30   Payload/FirasAI.app/FirasAI
    60408  09-02-2026 22:29   Payload/FirasAI.app/Assets.car
   104120  09-02-2026 22:29   Payload/FirasAI.app/FirasComplete.wav
     1600  09-02-2026 22:29   Payload/FirasAI.app/AppIcon76x76@2x~ipad.png
     2656  09-02-2026 22:29   Payload/FirasAI.app/Info.plist
        8  09-02-2026 22:29   Payload/FirasAI.app/PkgInfo
---------                     -------
 23226520                     16 files
