Archive:  /Users/runner/work/_temp/FirasAI-Artifacts/FirasAI-unsigned.ipa
  Length      Date    Time    Name
---------  ---------- -----   ----
        0  09-03-2026 17:30   Payload/
        0  09-03-2026 17:30   Payload/FirasAI.app/
    13568  09-03-2026 17:26   Payload/FirasAI.app/KaTeX_Typewriter-Regular.woff2
        0  09-03-2026 17:26   Payload/FirasAI.app/ar.lproj/
     1033  09-03-2026 17:26   Payload/FirasAI.app/ar.lproj/InfoPlist.strings
     1262  09-03-2026 17:26   Payload/FirasAI.app/doc-academic.css
    28076  09-03-2026 17:26   Payload/FirasAI.app/KaTeX_AMS-Regular.woff2
     1289  09-03-2026 17:26   Payload/FirasAI.app/doc-magazine.css
     3624  09-03-2026 17:26   Payload/FirasAI.app/KaTeX_Size3-Regular.woff2
        0  09-03-2026 17:26   Payload/FirasAI.app/en.lproj/
      685  09-03-2026 17:26   Payload/FirasAI.app/en.lproj/InfoPlist.strings
    26272  09-03-2026 17:26   Payload/FirasAI.app/KaTeX_Main-Regular.woff2
     6912  09-03-2026 17:26   Payload/FirasAI.app/KaTeX_Caligraphic-Bold.woff2
    12216  09-03-2026 17:26   Payload/FirasAI.app/KaTeX_SansSerif-Bold.woff2
    16440  09-03-2026 17:26   Payload/FirasAI.app/KaTeX_Math-Italic.woff2
     4928  09-03-2026 17:26   Payload/FirasAI.app/KaTeX_Size4-Regular.woff2
    11348  09-03-2026 17:26   Payload/FirasAI.app/KaTeX_Fraktur-Bold.woff2
    12028  09-03-2026 17:26   Payload/FirasAI.app/KaTeX_SansSerif-Italic.woff2
    25324  09-03-2026 17:26   Payload/FirasAI.app/KaTeX_Main-Bold.woff2
    10344  09-03-2026 17:26   Payload/FirasAI.app/KaTeX_SansSerif-Regular.woff2
     1392  09-03-2026 17:26   Payload/FirasAI.app/AppIcon60x60@2x.png
    16780  09-03-2026 17:26   Payload/FirasAI.app/KaTeX_Main-BoldItalic.woff2
    11316  09-03-2026 17:26   Payload/FirasAI.app/KaTeX_Fraktur-Regular.woff2
     8131  09-03-2026 17:26   Payload/FirasAI.app/doc-base.css
        0  09-03-2026 17:26   Payload/FirasAI.app/ZIPFoundation_ZIPFoundation.bundle/
      599  09-03-2026 17:26   Payload/FirasAI.app/ZIPFoundation_ZIPFoundation.bundle/PrivacyInfo.xcprivacy
      699  09-03-2026 17:26   Payload/FirasAI.app/ZIPFoundation_ZIPFoundation.bundle/Info.plist
     9644  09-03-2026 17:26   Payload/FirasAI.app/KaTeX_Script-Regular.woff2
     1145  09-03-2026 17:26   Payload/FirasAI.app/doc-corporate.css
    23335  09-03-2026 17:26   Payload/FirasAI.app/katex.min.css
 30234816  09-03-2026 17:30   Payload/FirasAI.app/FirasAI
    60408  09-03-2026 17:26   Payload/FirasAI.app/Assets.car
   104120  09-03-2026 17:26   Payload/FirasAI.app/FirasComplete.wav
    16400  09-03-2026 17:26   Payload/FirasAI.app/KaTeX_Math-BoldItalic.woff2
     1600  09-03-2026 17:26   Payload/FirasAI.app/AppIcon76x76@2x~ipad.png
    16988  09-03-2026 17:26   Payload/FirasAI.app/KaTeX_Main-Italic.woff2
   275414  09-03-2026 17:26   Payload/FirasAI.app/katex.min.js
     5468  09-03-2026 17:26   Payload/FirasAI.app/KaTeX_Size1-Regular.woff2
   101474  09-03-2026 17:26   Payload/FirasAI.app/done.wav
     1195  09-03-2026 17:26   Payload/FirasAI.app/doc-ministry.css
    33730  09-03-2026 17:26   Payload/FirasAI.app/mhchem.min.js
     2656  09-03-2026 17:26   Payload/FirasAI.app/Info.plist
     5208  09-03-2026 17:26   Payload/FirasAI.app/KaTeX_Size2-Regular.woff2
     6908  09-03-2026 17:26   Payload/FirasAI.app/KaTeX_Caligraphic-Regular.woff2
        8  09-03-2026 17:26   Payload/FirasAI.app/PkgInfo
---------                     -------
 31114783                     45 files
